[2026-03-06T00:02:02.852+0000] {local_task_job_runner.py:123} INFO - ::group::Pre task execution logs
[2026-03-06T00:02:02.876+0000] {taskinstance.py:2612} INFO - Dependencies all met for dep_context=non-requeueable deps ti=<TaskInstance: weather_to_snowflake_pipeline.load_to_snowflake scheduled__2026-03-04T02:30:00+00:00 [queued]>
[2026-03-06T00:02:02.892+0000] {taskinstance.py:2612} INFO - Dependencies all met for dep_context=requeueable deps ti=<TaskInstance: weather_to_snowflake_pipeline.load_to_snowflake scheduled__2026-03-04T02:30:00+00:00 [queued]>
[2026-03-06T00:02:02.893+0000] {taskinstance.py:2865} INFO - Starting attempt 1 of 1
[2026-03-06T00:02:02.909+0000] {taskinstance.py:2888} INFO - Executing <Task(_PythonDecoratedOperator): load_to_snowflake> on 2026-03-04 02:30:00+00:00
[2026-03-06T00:02:02.921+0000] {logging_mixin.py:190} WARNING - /home/***/.local/lib/python3.12/site-packages/***/task/task_runner/standard_task_runner.py:70 DeprecationWarning: This process (pid=2113) is multi-threaded, use of fork() may lead to deadlocks in the child.
[2026-03-06T00:02:02.923+0000] {standard_task_runner.py:72} INFO - Started process 2116 to run task
[2026-03-06T00:02:02.924+0000] {standard_task_runner.py:104} INFO - Running: ['***', 'tasks', 'run', 'weather_to_snowflake_pipeline', 'load_to_snowflake', 'scheduled__2026-03-04T02:30:00+00:00', '--job-id', '32', '--raw', '--subdir', 'DAGS_FOLDER/weather_etl_dag.py', '--cfg-path', '/tmp/tmp30o2cl6e']
[2026-03-06T00:02:02.929+0000] {standard_task_runner.py:105} INFO - Job 32: Subtask load_to_snowflake
[2026-03-06T00:02:03.029+0000] {task_command.py:467} INFO - Running <TaskInstance: weather_to_snowflake_pipeline.load_to_snowflake scheduled__2026-03-04T02:30:00+00:00 [running]> on host b2c72943a77e
[2026-03-06T00:02:03.170+0000] {taskinstance.py:3131} INFO - Exporting env vars: AIRFLOW_CTX_DAG_OWNER='***' AIRFLOW_CTX_DAG_ID='weather_to_snowflake_pipeline' AIRFLOW_CTX_TASK_ID='load_to_snowflake' AIRFLOW_CTX_EXECUTION_DATE='2026-03-04T02:30:00+00:00' AIRFLOW_CTX_TRY_NUMBER='1' AIRFLOW_CTX_DAG_RUN_ID='scheduled__2026-03-04T02:30:00+00:00'
[2026-03-06T00:02:03.173+0000] {taskinstance.py:731} INFO - ::endgroup::
[2026-03-06T00:02:03.193+0000] {base.py:84} INFO - Retrieving connection 'snowflake_conn'
[2026-03-06T00:02:03.196+0000] {connection.py:413} INFO - Snowflake Connector for Python Version: 3.12.1, Python Version: 3.12.5, Platform: Linux-6.6.87.2-microsoft-standard-WSL2-x86_64-with-glibc2.36
[2026-03-06T00:02:03.198+0000] {connection.py:1196} INFO - Connecting to GLOBAL Snowflake domain
[2026-03-06T00:02:03.200+0000] {connection.py:1277} INFO - This connection is in OCSP Fail Open Mode. TLS Certificates would be checked for validity and revocation status. Any other Certificate Revocation related exceptions or OCSP Responder failures would be disregarded in favor of connectivity.
[2026-03-06T00:02:04.727+0000] {logging_mixin.py:190} INFO - Loading 182 rows to Snowflake
[2026-03-06T00:02:04.729+0000] {python.py:240} INFO - Done. Returned value was: None
[2026-03-06T00:02:04.774+0000] {taskinstance.py:340} INFO - ::group::Post task execution logs
[2026-03-06T00:02:04.778+0000] {taskinstance.py:352} INFO - Marking task as SUCCESS. dag_id=weather_to_snowflake_pipeline, task_id=load_to_snowflake, run_id=scheduled__2026-03-04T02:30:00+00:00, execution_date=20260304T023000, start_date=20260306T000202, end_date=20260306T000204
[2026-03-06T00:02:04.877+0000] {local_task_job_runner.py:266} INFO - Task exited with return code 0
[2026-03-06T00:02:04.932+0000] {local_task_job_runner.py:245} INFO - ::endgroup::
