[2026-03-06T00:02:06.850+0000] {local_task_job_runner.py:123} INFO - ::group::Pre task execution logs
[2026-03-06T00:02:06.889+0000] {taskinstance.py:2612} INFO - Dependencies all met for dep_context=non-requeueable deps ti=<TaskInstance: ML_weather_forecast_pipeline.train__3 manual__2026-03-06T00:02:02.828459+00:00 [queued]>
[2026-03-06T00:02:06.906+0000] {taskinstance.py:2612} INFO - Dependencies all met for dep_context=requeueable deps ti=<TaskInstance: ML_weather_forecast_pipeline.train__3 manual__2026-03-06T00:02:02.828459+00:00 [queued]>
[2026-03-06T00:02:06.908+0000] {taskinstance.py:2865} INFO - Starting attempt 1 of 1
[2026-03-06T00:02:06.929+0000] {taskinstance.py:2888} INFO - Executing <Task(_PythonDecoratedOperator): train__3> on 2026-03-06 00:02:02.828459+00:00
[2026-03-06T00:02:06.944+0000] {logging_mixin.py:190} WARNING - /home/***/.local/lib/python3.12/site-packages/***/task/task_runner/standard_task_runner.py:70 DeprecationWarning: This process (pid=2120) is multi-threaded, use of fork() may lead to deadlocks in the child.
[2026-03-06T00:02:06.947+0000] {standard_task_runner.py:72} INFO - Started process 2142 to run task
[2026-03-06T00:02:06.945+0000] {standard_task_runner.py:104} INFO - Running: ['***', 'tasks', 'run', 'ML_weather_forecast_pipeline', 'train__3', 'manual__2026-03-06T00:02:02.828459+00:00', '--job-id', '33', '--raw', '--subdir', 'DAGS_FOLDER/ml_forecasting_pipeline_dag.py', '--cfg-path', '/tmp/tmpwwvvk46r']
[2026-03-06T00:02:06.950+0000] {standard_task_runner.py:105} INFO - Job 33: Subtask train__3
[2026-03-06T00:02:07.101+0000] {task_command.py:467} INFO - Running <TaskInstance: ML_weather_forecast_pipeline.train__3 manual__2026-03-06T00:02:02.828459+00:00 [running]> on host b2c72943a77e
[2026-03-06T00:02:07.302+0000] {taskinstance.py:3131} INFO - Exporting env vars: AIRFLOW_CTX_DAG_OWNER='***' AIRFLOW_CTX_DAG_ID='ML_weather_forecast_pipeline' AIRFLOW_CTX_TASK_ID='train__3' AIRFLOW_CTX_EXECUTION_DATE='2026-03-06T00:02:02.828459+00:00' AIRFLOW_CTX_TRY_NUMBER='1' AIRFLOW_CTX_DAG_RUN_ID='manual__2026-03-06T00:02:02.828459+00:00'
[2026-03-06T00:02:07.310+0000] {taskinstance.py:731} INFO - ::endgroup::
[2026-03-06T00:02:07.338+0000] {base.py:84} INFO - Retrieving connection 'snowflake_conn'
[2026-03-06T00:02:07.342+0000] {connection.py:413} INFO - Snowflake Connector for Python Version: 3.12.1, Python Version: 3.12.5, Platform: Linux-6.6.87.2-microsoft-standard-WSL2-x86_64-with-glibc2.36
[2026-03-06T00:02:07.346+0000] {connection.py:1196} INFO - Connecting to GLOBAL Snowflake domain
[2026-03-06T00:02:07.348+0000] {connection.py:1277} INFO - This connection is in OCSP Fail Open Mode. TLS Certificates would be checked for validity and revocation status. Any other Certificate Revocation related exceptions or OCSP Responder failures would be disregarded in favor of connectivity.
[2026-03-06T00:02:09.087+0000] {cursor.py:1156} INFO - Number of results in first chunk: 1
[2026-03-06T00:03:39.728+0000] {cursor.py:1156} INFO - Number of results in first chunk: 1
[2026-03-06T00:03:39.730+0000] {logging_mixin.py:190} INFO - Model model_p_prep for precipitation in Pasadena created.
[2026-03-06T00:03:39.730+0000] {python.py:240} INFO - Done. Returned value was: None
[2026-03-06T00:03:39.740+0000] {taskinstance.py:340} INFO - ::group::Post task execution logs
[2026-03-06T00:03:39.740+0000] {taskinstance.py:352} INFO - Marking task as SUCCESS. dag_id=ML_weather_forecast_pipeline, task_id=train__3, run_id=manual__2026-03-06T00:02:02.828459+00:00, execution_date=20260306T000202, start_date=20260306T000206, end_date=20260306T000339
[2026-03-06T00:03:39.793+0000] {local_task_job_runner.py:266} INFO - Task exited with return code 0
[2026-03-06T00:03:39.812+0000] {taskinstance.py:3900} INFO - 1 downstream tasks scheduled from follow-on schedule check
[2026-03-06T00:03:39.815+0000] {local_task_job_runner.py:245} INFO - ::endgroup::
